<?xml version="1.0" encoding="UTF-8" ?>
<module>
    <name>blockreassurance</name>
    <displayName><![CDATA[Customer Reassurance]]></displayName>
    <version><![CDATA[4.1.1]]></version>
    <description><![CDATA[Cr&eacute;ez du lien avec vos clients et rassurez-les en mettant en valeur vos services : paiement s&eacute;curis&eacute;, livraison gratuite, retours, etc.]]></description>
    <author><![CDATA[PrestaShop]]></author>
    <tab><![CDATA[seo]]></tab>
	<confirmUninstall><![CDATA[Êtes-vous sûr de vouloir désinstaller ce module ?]]></confirmUninstall>
    <is_configurable>1</is_configurable>
    <need_instance>0</need_instance>
	<limited_countries></limited_countries>
</module>