<?xml version="1.0" encoding="UTF-8" ?>
<module>
    <name>gsitemap</name>
    <displayName><![CDATA[Google Sitemaps]]></displayName>
    <version><![CDATA[4.1.0]]></version>
    <description><![CDATA[G&eacute;n&egrave;re votre fichier sitemap pour Google]]></description>
    <author><![CDATA[PrestaShop]]></author>
    <tab><![CDATA[seo]]></tab>
	<confirmUninstall><![CDATA[Êtes-vous sûr de vouloir désinstaller ce module ?]]></confirmUninstall>
    <is_configurable>1</is_configurable>
    <need_instance>0</need_instance>
	<limited_countries></limited_countries>
</module>